页面 1 日期: Jan 3, 2026, 节目数量: 14
页面 2 日期: Jan 4, 2026, 节目数量: 18
页面 3 日期: Jan 5, 2026, 节目数量: 18
页面 4 日期: Jan 6, 2026, 节目数量: 16
<?xml version="1.0" encoding="UTF-8"?>
<!DOCTYPE tv SYSTEM "http://api.torrent-tv.ru/xmltv.dtd">
<tv generator-info-name="http://192.168.10.1/system/opt/" generator-info-url="QQ">
  <channel id="Dubai One">
    <display-name lang="en">Dubai One</display-name>
  </channel>
  <programme start="20260103003000 +0400" stop="20260103023000 +0400" channel="Dubai One">
    <title lang="en">The Sixth Sense</title>
    <desc lang="en">"I see dead people"</desc>
  </programme>
  <programme start="20260103023000 +0400" stop="20260103030000 +0400" channel="Dubai One">
    <title lang="en">Emirates News Emirates News</title>
    <desc lang="en">Be the First to Know.</desc>
  </programme>
  <programme start="20260103030000 +0400" stop="20260103040000 +0400" channel="Dubai One">
    <title lang="en">Las hijas de la Señora García</title>
    <desc lang="en">Mrs. Garcia strives to achieve her dream at cost of her daughters' happiness.</desc>
  </programme>
  <programme start="20260103040000 +0400" stop="20260103060000 +0400" channel="Dubai One">
    <title lang="en">West Side Story</title>
    <desc lang="en">"BEST PICTURE!" Winner of 10 Academy Awards! - 1961</desc>
  </programme>
  <programme start="20260103060000 +0400" stop="20260103080000 +0400" channel="Dubai One">
    <title lang="en">Escape Room</title>
    <desc lang="en">Taylor Russell</desc>
  </programme>
  <programme start="20260103080000 +0400" stop="20260103083000 +0400" channel="Dubai One">
    <title lang="en">City of Summits</title>
  </programme>
  <programme start="20260103083000 +0400" stop="20260103123000 +0400" channel="Dubai One">
    <title lang="en">Las hijas de la Señora García</title>
    <desc lang="en">Mrs. Garcia strives to achieve her dream at cost of her daughters' happiness.</desc>
  </programme>
  <programme start="20260103123000 +0400" stop="20260103150000 +0400" channel="Dubai One">
    <title lang="en">West Side</title>
    <desc lang="en">Risk everything for true love.</desc>
  </programme>
  <programme start="20260103150000 +0400" stop="20260103160000 +0400" channel="Dubai One">
    <title lang="en">Sisi</title>
    <desc lang="en">The life of Empress Elisabeth of Austria</desc>
  </programme>
  <programme start="20260103160000 +0400" stop="20260103180000 +0400" channel="Dubai One">
    <title lang="en">The Sixth Sense</title>
    <desc lang="en">"I see dead people"</desc>
  </programme>
  <programme start="20260103180000 +0400" stop="20260103200000 +0400" channel="Dubai One">
    <title lang="en">Hotel Transylvania 3: Summer Vacation</title>
    <desc lang="en">Adam Sandler</desc>
  </programme>
  <programme start="20260103200000 +0400" stop="20260103210000 +0400" channel="Dubai One">
    <title lang="en">Homegrown DXB</title>
    <desc lang="en">Home Grown Dubai will highlight the businesses and people who are not only making a difference in our country but across the world.</desc>
  </programme>
  <programme start="20260103210000 +0400" stop="20260103220000 +0400" channel="Dubai One">
    <title lang="en">Sisi</title>
    <desc lang="en">The life of Empress Elisabeth of Austria</desc>
  </programme>
  <programme start="20260103220000 +0400" stop="20260104000000 +0400" channel="Dubai One">
    <title lang="en">The Menu</title>
    <desc lang="en">Wonderful surprises await you all.</desc>
  </programme>
  <programme start="20260104000000 +0400" stop="20260104020000 +0400" channel="Dubai One">
    <title lang="en">After the Storm</title>
  </programme>
  <programme start="20260104020000 +0400" stop="20260104030000 +0400" channel="Dubai One">
    <title lang="en">Homegrown DXB</title>
    <desc lang="en">Home Grown Dubai will highlight the businesses and people who are not only making a difference in our country but across the world.</desc>
  </programme>
  <programme start="20260104030000 +0400" stop="20260104040000 +0400" channel="Dubai One">
    <title lang="en">Sisi</title>
    <desc lang="en">The life of Empress Elisabeth of Austria</desc>
  </programme>
  <programme start="20260104040000 +0400" stop="20260104060000 +0400" channel="Dubai One">
    <title lang="en">The Menu</title>
    <desc lang="en">Wonderful surprises await you all.</desc>
  </programme>
  <programme start="20260104060000 +0400" stop="20260104080000 +0400" channel="Dubai One">
    <title lang="en">Hotel Transylvania 3: Summer Vacation</title>
    <desc lang="en">Adam Sandler</desc>
  </programme>
  <programme start="20260104080000 +0400" stop="20260104083000 +0400" channel="Dubai One">
    <title lang="en">Hollywood News Feed</title>
    <desc lang="en">Hottest entertainment news of the week!</desc>
  </programme>
  <programme start="20260104083000 +0400" stop="20260104093000 +0400" channel="Dubai One">
    <title lang="en">Homegrown DXB</title>
    <desc lang="en">Home Grown Dubai will highlight the businesses and people who are not only making a difference in our country but across the world.</desc>
  </programme>
  <programme start="20260104093000 +0400" stop="20260104113000 +0400" channel="Dubai One">
    <title lang="en">The Sixth Sense</title>
    <desc lang="en">"I see dead people"</desc>
  </programme>
  <programme start="20260104113000 +0400" stop="20260104123000 +0400" channel="Dubai One">
    <title lang="en">Grand Designs</title>
  </programme>
  <programme start="20260104123000 +0400" stop="20260104143000 +0400" channel="Dubai One">
    <title lang="en">Escape Room</title>
    <desc lang="en">Taylor Russell</desc>
  </programme>
  <programme start="20260104143000 +0400" stop="20260104150000 +0400" channel="Dubai One">
    <title lang="en">Hollywood on Set</title>
    <desc lang="en">The making of blockbuster movies</desc>
  </programme>
  <programme start="20260104150000 +0400" stop="20260104160000 +0400" channel="Dubai One">
    <title lang="en">Sisi</title>
    <desc lang="en">The life of Empress Elisabeth of Austria</desc>
  </programme>
  <programme start="20260104160000 +0400" stop="20260104180000 +0400" channel="Dubai One">
    <title lang="en">The Menu</title>
    <desc lang="en">Wonderful surprises await you all.</desc>
  </programme>
  <programme start="20260104180000 +0400" stop="20260104200000 +0400" channel="Dubai One">
    <title lang="en">After the Storm</title>
  </programme>
  <programme start="20260104200000 +0400" stop="20260104203000 +0400" channel="Dubai One">
    <title lang="en">Hollywood News Feed</title>
    <desc lang="en">Hottest entertainment news of the week!</desc>
  </programme>
  <programme start="20260104203000 +0400" stop="20260104210000 +0400" channel="Dubai One">
    <title lang="en">Hollywood on Set</title>
    <desc lang="en">The making of blockbuster movies</desc>
  </programme>
  <programme start="20260104210000 +0400" stop="20260104220000 +0400" channel="Dubai One">
    <title lang="en">Sisi</title>
    <desc lang="en">The life of Empress Elisabeth of Austria</desc>
  </programme>
  <programme start="20260104220000 +0400" stop="20260105000000 +0400" channel="Dubai One">
    <title lang="en">Chevalier</title>
    <desc lang="en">Based on the incredible true story of composer Joseph Bologne, Chevalier de Saint-Georges.</desc>
  </programme>
  <programme start="20260105000000 +0400" stop="20260105020000 +0400" channel="Dubai One">
    <title lang="en">(500) Days of Summer</title>
    <desc lang="en">An offbeat romantic comedy about a woman who doesn't believe true love exists, and the young man who falls for her.</desc>
  </programme>
  <programme start="20260105020000 +0400" stop="20260105023000 +0400" channel="Dubai One">
    <title lang="en">Hollywood News Feed</title>
    <desc lang="en">Hottest entertainment news of the week!</desc>
  </programme>
  <programme start="20260105023000 +0400" stop="20260105030000 +0400" channel="Dubai One">
    <title lang="en">Hollywood on Set</title>
    <desc lang="en">The making of blockbuster movies</desc>
  </programme>
  <programme start="20260105030000 +0400" stop="20260105040000 +0400" channel="Dubai One">
    <title lang="en">Sisi</title>
    <desc lang="en">The life of Empress Elisabeth of Austria</desc>
  </programme>
  <programme start="20260105040000 +0400" stop="20260105060000 +0400" channel="Dubai One">
    <title lang="en">Chevalier</title>
    <desc lang="en">Based on the incredible true story of composer Joseph Bologne, Chevalier de Saint-Georges.</desc>
  </programme>
  <programme start="20260105060000 +0400" stop="20260105100000 +0400" channel="Dubai One">
    <title lang="en">Dubai Eye On Dubai One</title>
    <desc lang="en">Magazine show featuring news and current affairs</desc>
  </programme>
  <programme start="20260105100000 +0400" stop="20260105110000 +0400" channel="Dubai One">
    <title lang="en">Las hijas de la Señora García</title>
    <desc lang="en">Mrs. Garcia strives to achieve her dream at cost of her daughters' happiness.</desc>
  </programme>
  <programme start="20260105110000 +0400" stop="20260105130000 +0400" channel="Dubai One">
    <title lang="en">After the Storm</title>
  </programme>
  <programme start="20260105130000 +0400" stop="20260105150000 +0400" channel="Dubai One">
    <title lang="en">Chevalier</title>
    <desc lang="en">Based on the incredible true story of composer Joseph Bologne, Chevalier de Saint-Georges.</desc>
  </programme>
  <programme start="20260105150000 +0400" stop="20260105160000 +0400" channel="Dubai One">
    <title lang="en">Chaliapin</title>
    <desc lang="en">A story of Fyodor Chaliapin's journey to the world of theater!</desc>
  </programme>
  <programme start="20260105160000 +0400" stop="20260105170000 +0400" channel="Dubai One">
    <title lang="en">Las hijas de la Señora García</title>
    <desc lang="en">Mrs. Garcia strives to achieve her dream at cost of her daughters' happiness.</desc>
  </programme>
  <programme start="20260105170000 +0400" stop="20260105190000 +0400" channel="Dubai One">
    <title lang="en">(500) Days of Summer</title>
    <desc lang="en">An offbeat romantic comedy about a woman who doesn't believe true love exists, and the young man who falls for her.</desc>
  </programme>
  <programme start="20260105190000 +0400" stop="20260105193000 +0400" channel="Dubai One">
    <title lang="en">Hollywood on Set</title>
    <desc lang="en">The making of blockbuster movies</desc>
  </programme>
  <programme start="20260105193000 +0400" stop="20260105200000 +0400" channel="Dubai One">
    <title lang="en">City of Summits</title>
  </programme>
  <programme start="20260105200000 +0400" stop="20260105203000 +0400" channel="Dubai One">
    <title lang="en">Emirates News Emirates News</title>
    <desc lang="en">Be the First to Know.</desc>
  </programme>
  <programme start="20260105203000 +0400" stop="20260105213000 +0400" channel="Dubai One">
    <title lang="en">Chaliapin</title>
    <desc lang="en">A story of Fyodor Chaliapin's journey to the world of theater!</desc>
  </programme>
  <programme start="20260105213000 +0400" stop="20260105223000 +0400" channel="Dubai One">
    <title lang="en">Las hijas de la Señora García</title>
    <desc lang="en">Mrs. Garcia strives to achieve her dream at cost of her daughters' happiness.</desc>
  </programme>
  <programme start="20260105223000 +0400" stop="20260106003000 +0400" channel="Dubai One">
    <title lang="en">A Bluebird in My Heart</title>
    <desc lang="en">An ex-con confronts his old demons.</desc>
  </programme>
  <programme start="20260106003000 +0400" stop="20260106023000 +0400" channel="Dubai One">
    <title lang="en">Help</title>
    <desc lang="en">Everyone has a secret</desc>
  </programme>
  <programme start="20260106023000 +0400" stop="20260106030000 +0400" channel="Dubai One">
    <title lang="en">Emirates News Emirates News</title>
    <desc lang="en">Be the First to Know.</desc>
  </programme>
  <programme start="20260106030000 +0400" stop="20260106040000 +0400" channel="Dubai One">
    <title lang="en">Las hijas de la Señora García</title>
    <desc lang="en">Mrs. Garcia strives to achieve her dream at cost of her daughters' happiness.</desc>
  </programme>
  <programme start="20260106040000 +0400" stop="20260106060000 +0400" channel="Dubai One">
    <title lang="en">A Bluebird in My Heart</title>
    <desc lang="en">An ex-con confronts his old demons.</desc>
  </programme>
  <programme start="20260106060000 +0400" stop="20260106100000 +0400" channel="Dubai One">
    <title lang="en">Dubai Eye On Dubai One</title>
    <desc lang="en">Magazine show featuring news and current affairs</desc>
  </programme>
  <programme start="20260106100000 +0400" stop="20260106110000 +0400" channel="Dubai One">
    <title lang="en">Las hijas de la Señora García</title>
    <desc lang="en">Mrs. Garcia strives to achieve her dream at cost of her daughters' happiness.</desc>
  </programme>
  <programme start="20260106110000 +0400" stop="20260106130000 +0400" channel="Dubai One">
    <title lang="en">(500) Days of Summer</title>
    <desc lang="en">An offbeat romantic comedy about a woman who doesn't believe true love exists, and the young man who falls for her.</desc>
  </programme>
  <programme start="20260106130000 +0400" stop="20260106150000 +0400" channel="Dubai One">
    <title lang="en">A Bluebird in My Heart</title>
    <desc lang="en">An ex-con confronts his old demons.</desc>
  </programme>
  <programme start="20260106150000 +0400" stop="20260106160000 +0400" channel="Dubai One">
    <title lang="en">Chaliapin</title>
    <desc lang="en">A story of Fyodor Chaliapin's journey to the world of theater!</desc>
  </programme>
  <programme start="20260106160000 +0400" stop="20260106170000 +0400" channel="Dubai One">
    <title lang="en">Las hijas de la Señora García</title>
    <desc lang="en">Mrs. Garcia strives to achieve her dream at cost of her daughters' happiness.</desc>
  </programme>
  <programme start="20260106170000 +0400" stop="20260106190000 +0400" channel="Dubai One">
    <title lang="en">Help</title>
    <desc lang="en">Everyone has a secret</desc>
  </programme>
  <programme start="20260106190000 +0400" stop="20260106200000 +0400" channel="Dubai One">
    <title lang="en">Homegrown DXB</title>
    <desc lang="en">Home Grown Dubai will highlight the businesses and people who are not only making a difference in our country but across the world.</desc>
  </programme>
  <programme start="20260106200000 +0400" stop="20260106203000 +0400" channel="Dubai One">
    <title lang="en">Emirates News Emirates News</title>
    <desc lang="en">Be the First to Know.</desc>
  </programme>
  <programme start="20260106203000 +0400" stop="20260106213000 +0400" channel="Dubai One">
    <title lang="en">Chaliapin</title>
    <desc lang="en">A story of Fyodor Chaliapin's journey to the world of theater!</desc>
  </programme>
  <programme start="20260106213000 +0400" stop="20260106223000 +0400" channel="Dubai One">
    <title lang="en">Las hijas de la Señora García</title>
    <desc lang="en">Mrs. Garcia strives to achieve her dream at cost of her daughters' happiness.</desc>
  </programme>
  <programme start="20260106223000 +0400" stop="20260102000000 +0400" channel="Dubai One">
    <title lang="en">Midnight in the Switchgrass</title>
    <desc lang="en">Can they stop a serial killer who can't stop himself?</desc>
  </programme>
</tv>
