XML file generated successfully: epgdiyicaijing.xml (Size: 21169 bytes)
XML format validation: PASSED
PHP Warning:  Cannot modify header information - headers already sent by (output started at /home/runner/work/mk/mk/epgdiyicaijing.php:149) in /home/runner/work/mk/mk/epgdiyicaijing.php on line 172

Warning: Cannot modify header information - headers already sent by (output started at /home/runner/work/mk/mk/epgdiyicaijing.php:149) in /home/runner/work/mk/mk/epgdiyicaijing.php on line 172
<?xml version="1.0" encoding="UTF-8"?>
<tv generator-info-name="EPG Filter Script" source-info-name="Filtered EPG">
  <channel id="第一财经">
    <display-name lang="zh">第一财经</display-name>
  </channel>
  <channel id="东方财经">
    <display-name lang="zh">东方财经</display-name>
  </channel>
  <programme start="20260615060000 +0800" stop="20260615063000 +0800" channel="第一财经">
    <title lang="zh">两说</title>
    <desc lang="zh">两说</desc>
  </programme>
  <programme start="20260615063000 +0800" stop="20260615070000 +0800" channel="第一财经">
    <title lang="zh">投资有看头</title>
    <desc lang="zh">投资有看头</desc>
  </programme>
  <programme start="20260615070000 +0800" stop="20260615080000 +0800" channel="第一财经">
    <title lang="zh">公司与行业(重播)</title>
    <desc lang="zh">公司与行业(重播)</desc>
  </programme>
  <programme start="20260615080000 +0800" stop="20260615090000 +0800" channel="第一财经">
    <title lang="zh">今日股市(重播)</title>
    <desc lang="zh">今日股市(重播)</desc>
  </programme>
  <programme start="20260615090000 +0800" stop="20260615120500 +0800" channel="第一财经">
    <title lang="zh">市场零距离</title>
    <desc lang="zh">市场零距离</desc>
  </programme>
  <programme start="20260615120500 +0800" stop="20260615130000 +0800" channel="第一财经">
    <title lang="zh">对话成长</title>
    <desc lang="zh">对话成长</desc>
  </programme>
  <programme start="20260615130000 +0800" stop="20260615160500 +0800" channel="第一财经">
    <title lang="zh">市场零距离</title>
    <desc lang="zh">市场零距离</desc>
  </programme>
  <programme start="20260615160500 +0800" stop="20260615163500 +0800" channel="第一财经">
    <title lang="zh">投资有看头</title>
    <desc lang="zh">投资有看头</desc>
  </programme>
  <programme start="20260615163500 +0800" stop="20260615172000 +0800" channel="第一财经">
    <title lang="zh">陆家嘴金融沙龙</title>
    <desc lang="zh">陆家嘴金融沙龙</desc>
  </programme>
  <programme start="20260615172000 +0800" stop="20260615180000 +0800" channel="第一财经">
    <title lang="zh">数新风</title>
    <desc lang="zh">数新风</desc>
  </programme>
  <programme start="20260615180000 +0800" stop="20260615190000 +0800" channel="第一财经">
    <title lang="zh">今日股市</title>
    <desc lang="zh">今日股市</desc>
  </programme>
  <programme start="20260615190000 +0800" stop="20260615200000 +0800" channel="第一财经">
    <title lang="zh">公司与行业</title>
    <desc lang="zh">公司与行业</desc>
  </programme>
  <programme start="20260615200000 +0800" stop="20260615210000 +0800" channel="第一财经">
    <title lang="zh">谈股论金</title>
    <desc lang="zh">谈股论金</desc>
  </programme>
  <programme start="20260615210000 +0800" stop="20260615214100 +0800" channel="第一财经">
    <title lang="zh">财经夜行线</title>
    <desc lang="zh">财经夜行线</desc>
  </programme>
  <programme start="20260615214100 +0800" stop="20260615220400 +0800" channel="第一财经">
    <title lang="zh">首席评论</title>
    <desc lang="zh">首席评论</desc>
  </programme>
  <programme start="20260615220400 +0800" stop="20260615223000 +0800" channel="第一财经">
    <title lang="zh">对话引领区</title>
    <desc lang="zh">对话引领区</desc>
  </programme>
  <programme start="20260615223000 +0800" stop="20260615233000 +0800" channel="第一财经">
    <title lang="zh">今日股市(重播)</title>
    <desc lang="zh">今日股市(重播)</desc>
  </programme>
  <programme start="20260615233000 +0800" stop="20260616000000 +0800" channel="第一财经">
    <title lang="zh">投资有看头</title>
    <desc lang="zh">投资有看头</desc>
  </programme>
  <programme start="20260616000000 +0800" stop="20260616004000 +0800" channel="第一财经">
    <title lang="zh">财经夜行线(重播)</title>
    <desc lang="zh">财经夜行线(重播)</desc>
  </programme>
  <programme start="20260616004000 +0800" stop="20260616010000 +0800" channel="第一财经">
    <title lang="zh">首席评论</title>
    <desc lang="zh">首席评论</desc>
  </programme>
  <programme start="20260616010000 +0800" stop="20260616015600 +0800" channel="第一财经">
    <title lang="zh">公司与行业(重播)</title>
    <desc lang="zh">公司与行业(重播)</desc>
  </programme>
  <programme start="20260616060000 +0800" stop="20260616063000 +0800" channel="第一财经">
    <title lang="zh">对话引领区</title>
    <desc lang="zh">对话引领区</desc>
  </programme>
  <programme start="20260616063000 +0800" stop="20260616070000 +0800" channel="第一财经">
    <title lang="zh">投资有看头</title>
    <desc lang="zh">投资有看头</desc>
  </programme>
  <programme start="20260616070000 +0800" stop="20260616080000 +0800" channel="第一财经">
    <title lang="zh">公司与行业(重播)</title>
    <desc lang="zh">公司与行业(重播)</desc>
  </programme>
  <programme start="20260616080000 +0800" stop="20260616090000 +0800" channel="第一财经">
    <title lang="zh">今日股市(重播)</title>
    <desc lang="zh">今日股市(重播)</desc>
  </programme>
  <programme start="20260616090000 +0800" stop="20260616120500 +0800" channel="第一财经">
    <title lang="zh">市场零距离</title>
    <desc lang="zh">市场零距离</desc>
  </programme>
  <programme start="20260616120500 +0800" stop="20260616123000 +0800" channel="第一财经">
    <title lang="zh">首席评论</title>
    <desc lang="zh">首席评论</desc>
  </programme>
  <programme start="20260616123000 +0800" stop="20260616130000 +0800" channel="第一财经">
    <title lang="zh">创时代</title>
    <desc lang="zh">创时代</desc>
  </programme>
  <programme start="20260616130000 +0800" stop="20260616160500 +0800" channel="第一财经">
    <title lang="zh">市场零距离</title>
    <desc lang="zh">市场零距离</desc>
  </programme>
  <programme start="20260616160500 +0800" stop="20260616163500 +0800" channel="第一财经">
    <title lang="zh">投资有看头</title>
    <desc lang="zh">投资有看头</desc>
  </programme>
  <programme start="20260616163500 +0800" stop="20260616170800 +0800" channel="第一财经">
    <title lang="zh">价值投研社</title>
    <desc lang="zh">价值投研社</desc>
  </programme>
  <programme start="20260616170800 +0800" stop="20260616173500 +0800" channel="第一财经">
    <title lang="zh">对话引领区</title>
    <desc lang="zh">对话引领区</desc>
  </programme>
  <programme start="20260616173500 +0800" stop="20260616180000 +0800" channel="第一财经">
    <title lang="zh">首席评论</title>
    <desc lang="zh">首席评论</desc>
  </programme>
  <programme start="20260616180000 +0800" stop="20260616190000 +0800" channel="第一财经">
    <title lang="zh">今日股市</title>
    <desc lang="zh">今日股市</desc>
  </programme>
  <programme start="20260616190000 +0800" stop="20260616200000 +0800" channel="第一财经">
    <title lang="zh">公司与行业</title>
    <desc lang="zh">公司与行业</desc>
  </programme>
  <programme start="20260616200000 +0800" stop="20260616210000 +0800" channel="第一财经">
    <title lang="zh">谈股论金</title>
    <desc lang="zh">谈股论金</desc>
  </programme>
  <programme start="20260616210000 +0800" stop="20260616214100 +0800" channel="第一财经">
    <title lang="zh">财经夜行线</title>
    <desc lang="zh">财经夜行线</desc>
  </programme>
  <programme start="20260616214100 +0800" stop="20260616220000 +0800" channel="第一财经">
    <title lang="zh">首席评论</title>
    <desc lang="zh">首席评论</desc>
  </programme>
  <programme start="20260616220000 +0800" stop="20260616223000 +0800" channel="第一财经">
    <title lang="zh">秒懂金融</title>
    <desc lang="zh">秒懂金融</desc>
  </programme>
  <programme start="20260616223000 +0800" stop="20260616233000 +0800" channel="第一财经">
    <title lang="zh">今日股市(重播)</title>
    <desc lang="zh">今日股市(重播)</desc>
  </programme>
  <programme start="20260616233000 +0800" stop="20260617000000 +0800" channel="第一财经">
    <title lang="zh">投资有看头</title>
    <desc lang="zh">投资有看头</desc>
  </programme>
  <programme start="20260617000000 +0800" stop="20260617004500 +0800" channel="第一财经">
    <title lang="zh">财经夜行线(重播)</title>
    <desc lang="zh">财经夜行线(重播)</desc>
  </programme>
  <programme start="20260617004500 +0800" stop="20260617012000 +0800" channel="第一财经">
    <title lang="zh">价值投研社</title>
    <desc lang="zh">价值投研社</desc>
  </programme>
  <programme start="20260617012000 +0800" stop="20260617014000 +0800" channel="第一财经">
    <title lang="zh">首席评论</title>
    <desc lang="zh">首席评论</desc>
  </programme>
  <programme start="20260617014000 +0800" stop="20260617024100 +0800" channel="第一财经">
    <title lang="zh">公司与行业(重播)</title>
    <desc lang="zh">公司与行业(重播)</desc>
  </programme>
  <programme start="20260615060000 +0800" stop="20260615070000 +0800" channel="东方财经">
    <title lang="zh">今日股市</title>
    <desc lang="zh">今日股市</desc>
  </programme>
  <programme start="20260615070000 +0800" stop="20260615080000 +0800" channel="东方财经">
    <title lang="zh">创赢未来</title>
    <desc lang="zh">创赢未来</desc>
  </programme>
  <programme start="20260615080000 +0800" stop="20260615083000 +0800" channel="东方财经">
    <title lang="zh">文化访谈录</title>
    <desc lang="zh">文化访谈录</desc>
  </programme>
  <programme start="20260615083000 +0800" stop="20260615090000 +0800" channel="东方财经">
    <title lang="zh">创时代</title>
    <desc lang="zh">创时代</desc>
  </programme>
  <programme start="20260615090000 +0800" stop="20260615120000 +0800" channel="东方财经">
    <title lang="zh">市场零距离</title>
    <desc lang="zh">市场零距离</desc>
  </programme>
  <programme start="20260615120000 +0800" stop="20260615123000 +0800" channel="东方财经">
    <title lang="zh">直击引领区</title>
    <desc lang="zh">直击引领区</desc>
  </programme>
  <programme start="20260615123000 +0800" stop="20260615124500 +0800" channel="东方财经">
    <title lang="zh">632观察</title>
    <desc lang="zh">632观察</desc>
  </programme>
  <programme start="20260615124500 +0800" stop="20260615130000 +0800" channel="东方财经">
    <title lang="zh">科创先行者</title>
    <desc lang="zh">科创先行者</desc>
  </programme>
  <programme start="20260615130000 +0800" stop="20260615150000 +0800" channel="东方财经">
    <title lang="zh">市场零距离</title>
    <desc lang="zh">市场零距离</desc>
  </programme>
  <programme start="20260615150000 +0800" stop="20260615151000 +0800" channel="东方财经">
    <title lang="zh">直击引领区</title>
    <desc lang="zh">直击引领区</desc>
  </programme>
  <programme start="20260615151000 +0800" stop="20260615170000 +0800" channel="东方财经">
    <title lang="zh">纪录片</title>
    <desc lang="zh">纪录片</desc>
  </programme>
  <programme start="20260615170000 +0800" stop="20260615173000 +0800" channel="东方财经">
    <title lang="zh">直击引领区</title>
    <desc lang="zh">直击引领区</desc>
  </programme>
  <programme start="20260615173000 +0800" stop="20260615180000 +0800" channel="东方财经">
    <title lang="zh">创时代</title>
    <desc lang="zh">创时代</desc>
  </programme>
  <programme start="20260615180000 +0800" stop="20260615183000 +0800" channel="东方财经">
    <title lang="zh">浦东新脸谱</title>
    <desc lang="zh">浦东新脸谱</desc>
  </programme>
  <programme start="20260615183000 +0800" stop="20260615190000 +0800" channel="东方财经">
    <title lang="zh">几何书房</title>
    <desc lang="zh">几何书房</desc>
  </programme>
  <programme start="20260615190000 +0800" stop="20260615191500 +0800" channel="东方财经">
    <title lang="zh">新闻制高点</title>
    <desc lang="zh">新闻制高点</desc>
  </programme>
  <programme start="20260615191500 +0800" stop="20260615193000 +0800" channel="东方财经">
    <title lang="zh">632观察</title>
    <desc lang="zh">632观察</desc>
  </programme>
  <programme start="20260615193000 +0800" stop="20260615194500 +0800" channel="东方财经">
    <title lang="zh">科创先行者</title>
    <desc lang="zh">科创先行者</desc>
  </programme>
  <programme start="20260615194500 +0800" stop="20260615200000 +0800" channel="东方财经">
    <title lang="zh">直击引领区</title>
    <desc lang="zh">直击引领区</desc>
  </programme>
  <programme start="20260615200000 +0800" stop="20260615203000 +0800" channel="东方财经">
    <title lang="zh">文化访谈录</title>
    <desc lang="zh">文化访谈录</desc>
  </programme>
  <programme start="20260615203000 +0800" stop="20260615210000 +0800" channel="东方财经">
    <title lang="zh">创时代</title>
    <desc lang="zh">创时代</desc>
  </programme>
  <programme start="20260615210000 +0800" stop="20260615214000 +0800" channel="东方财经">
    <title lang="zh">财经夜行线</title>
    <desc lang="zh">财经夜行线</desc>
  </programme>
  <programme start="20260615214000 +0800" stop="20260615220000 +0800" channel="东方财经">
    <title lang="zh">首席评论</title>
    <desc lang="zh">首席评论</desc>
  </programme>
  <programme start="20260615220000 +0800" stop="20260615221500 +0800" channel="东方财经">
    <title lang="zh">新闻制高点</title>
    <desc lang="zh">新闻制高点</desc>
  </programme>
  <programme start="20260615221500 +0800" stop="20260615223000 +0800" channel="东方财经">
    <title lang="zh">632观察</title>
    <desc lang="zh">632观察</desc>
  </programme>
  <programme start="20260615223000 +0800" stop="20260615224500 +0800" channel="东方财经">
    <title lang="zh">科创先行者</title>
    <desc lang="zh">科创先行者</desc>
  </programme>
  <programme start="20260615224500 +0800" stop="20260615230000 +0800" channel="东方财经">
    <title lang="zh">文化访谈录</title>
    <desc lang="zh">文化访谈录</desc>
  </programme>
  <programme start="20260615230000 +0800" stop="20260615233000 +0800" channel="东方财经">
    <title lang="zh">直击引领区</title>
    <desc lang="zh">直击引领区</desc>
  </programme>
  <programme start="20260615233000 +0800" stop="20260616000000 +0800" channel="东方财经">
    <title lang="zh">浦东新脸谱</title>
    <desc lang="zh">浦东新脸谱</desc>
  </programme>
  <programme start="20260616000000 +0800" stop="20260616013000 +0800" channel="东方财经">
    <title lang="zh">纪录片</title>
    <desc lang="zh">纪录片</desc>
  </programme>
  <programme start="20260616013000 +0800" stop="20260616020000 +0800" channel="东方财经">
    <title lang="zh">创时代</title>
    <desc lang="zh">创时代</desc>
  </programme>
  <programme start="20260616060000 +0800" stop="20260616070000 +0800" channel="东方财经">
    <title lang="zh">今日股市</title>
    <desc lang="zh">今日股市</desc>
  </programme>
  <programme start="20260616070000 +0800" stop="20260616080000 +0800" channel="东方财经">
    <title lang="zh">创赢未来</title>
    <desc lang="zh">创赢未来</desc>
  </programme>
  <programme start="20260616080000 +0800" stop="20260616083000 +0800" channel="东方财经">
    <title lang="zh">文化访谈录</title>
    <desc lang="zh">文化访谈录</desc>
  </programme>
  <programme start="20260616083000 +0800" stop="20260616090000 +0800" channel="东方财经">
    <title lang="zh">创时代</title>
    <desc lang="zh">创时代</desc>
  </programme>
  <programme start="20260616090000 +0800" stop="20260616120000 +0800" channel="东方财经">
    <title lang="zh">市场零距离</title>
    <desc lang="zh">市场零距离</desc>
  </programme>
  <programme start="20260616120000 +0800" stop="20260616123000 +0800" channel="东方财经">
    <title lang="zh">直击引领区</title>
    <desc lang="zh">直击引领区</desc>
  </programme>
  <programme start="20260616123000 +0800" stop="20260616124500 +0800" channel="东方财经">
    <title lang="zh">632观察</title>
    <desc lang="zh">632观察</desc>
  </programme>
  <programme start="20260616124500 +0800" stop="20260616130000 +0800" channel="东方财经">
    <title lang="zh">科创先行者</title>
    <desc lang="zh">科创先行者</desc>
  </programme>
  <programme start="20260616130000 +0800" stop="20260616150000 +0800" channel="东方财经">
    <title lang="zh">市场零距离</title>
    <desc lang="zh">市场零距离</desc>
  </programme>
  <programme start="20260616150000 +0800" stop="20260616151000 +0800" channel="东方财经">
    <title lang="zh">直击引领区</title>
    <desc lang="zh">直击引领区</desc>
  </programme>
  <programme start="20260616151000 +0800" stop="20260616170000 +0800" channel="东方财经">
    <title lang="zh">纪录片</title>
    <desc lang="zh">纪录片</desc>
  </programme>
  <programme start="20260616170000 +0800" stop="20260616173000 +0800" channel="东方财经">
    <title lang="zh">直击引领区</title>
    <desc lang="zh">直击引领区</desc>
  </programme>
  <programme start="20260616173000 +0800" stop="20260616180000 +0800" channel="东方财经">
    <title lang="zh">创时代</title>
    <desc lang="zh">创时代</desc>
  </programme>
  <programme start="20260616180000 +0800" stop="20260616183000 +0800" channel="东方财经">
    <title lang="zh">文化访谈录</title>
    <desc lang="zh">文化访谈录</desc>
  </programme>
  <programme start="20260616183000 +0800" stop="20260616190000 +0800" channel="东方财经">
    <title lang="zh">几何书房</title>
    <desc lang="zh">几何书房</desc>
  </programme>
  <programme start="20260616190000 +0800" stop="20260616191500 +0800" channel="东方财经">
    <title lang="zh">新闻制高点</title>
    <desc lang="zh">新闻制高点</desc>
  </programme>
  <programme start="20260616191500 +0800" stop="20260616193000 +0800" channel="东方财经">
    <title lang="zh">632观察</title>
    <desc lang="zh">632观察</desc>
  </programme>
  <programme start="20260616193000 +0800" stop="20260616194500 +0800" channel="东方财经">
    <title lang="zh">科创先行者</title>
    <desc lang="zh">科创先行者</desc>
  </programme>
  <programme start="20260616194500 +0800" stop="20260616200000 +0800" channel="东方财经">
    <title lang="zh">直击引领区</title>
    <desc lang="zh">直击引领区</desc>
  </programme>
  <programme start="20260616200000 +0800" stop="20260616203000 +0800" channel="东方财经">
    <title lang="zh">文化访谈录</title>
    <desc lang="zh">文化访谈录</desc>
  </programme>
  <programme start="20260616203000 +0800" stop="20260616210000 +0800" channel="东方财经">
    <title lang="zh">创时代</title>
    <desc lang="zh">创时代</desc>
  </programme>
  <programme start="20260616210000 +0800" stop="20260616214000 +0800" channel="东方财经">
    <title lang="zh">财经夜行线</title>
    <desc lang="zh">财经夜行线</desc>
  </programme>
  <programme start="20260616214000 +0800" stop="20260616220000 +0800" channel="东方财经">
    <title lang="zh">首席评论</title>
    <desc lang="zh">首席评论</desc>
  </programme>
  <programme start="20260616220000 +0800" stop="20260616221500 +0800" channel="东方财经">
    <title lang="zh">新闻制高点</title>
    <desc lang="zh">新闻制高点</desc>
  </programme>
  <programme start="20260616221500 +0800" stop="20260616223000 +0800" channel="东方财经">
    <title lang="zh">632观察</title>
    <desc lang="zh">632观察</desc>
  </programme>
  <programme start="20260616223000 +0800" stop="20260616224500 +0800" channel="东方财经">
    <title lang="zh">科创先行者</title>
    <desc lang="zh">科创先行者</desc>
  </programme>
  <programme start="20260616224500 +0800" stop="20260616230000 +0800" channel="东方财经">
    <title lang="zh">文化访谈录</title>
    <desc lang="zh">文化访谈录</desc>
  </programme>
  <programme start="20260616230000 +0800" stop="20260616233000 +0800" channel="东方财经">
    <title lang="zh">直击引领区</title>
    <desc lang="zh">直击引领区</desc>
  </programme>
  <programme start="20260616233000 +0800" stop="20260617000000 +0800" channel="东方财经">
    <title lang="zh">文化访谈录</title>
    <desc lang="zh">文化访谈录</desc>
  </programme>
  <programme start="20260617000000 +0800" stop="20260617013000 +0800" channel="东方财经">
    <title lang="zh">纪录片</title>
    <desc lang="zh">纪录片</desc>
  </programme>
  <programme start="20260617013000 +0800" stop="20260617020000 +0800" channel="东方财经">
    <title lang="zh">创时代</title>
    <desc lang="zh">创时代</desc>
  </programme>
</tv>
