No Schedule data found for channel: 好消息
No Schedule data found for channel: ELTV生活英語台
No Schedule data found for channel: 龍華卡通台
No Schedule data found for channel: 亞洲旅遊台
No Schedule data found for channel: Smart知識台
No Schedule data found for channel: 龍華戲劇台
No Schedule data found for channel: 台灣戲劇台
No Schedule data found for channel: 東森購物1台
No Schedule data found for channel: 龍華偶像台
No Schedule data found for channel: 龍華日韓台
No Schedule data found for channel: 東森購物2台
No Schedule data found for channel: 華視新聞
No Schedule data found for channel: 倪珍播新聞
No Schedule data found for channel: 三立新聞iNEWS
No Schedule data found for channel: 寰宇財經台
No Schedule data found for channel: 中天新聞台
No Schedule data found for channel: 寰宇新聞台灣台
No Schedule data found for channel: 第1商業台
No Schedule data found for channel: 國會頻道1台
No Schedule data found for channel: 國會頻道2台
No Schedule data found for channel: 龍華經典台
No Schedule data found for channel: 龍華電影台
No Schedule data found for channel: 龍華洋片台
No valid program data found for channel: 空中英語教室HD頻道
No valid program data found for channel: 哆啦Ａ夢台
No valid program data found for channel: 新哆啦A夢(中文版)
No valid program data found for channel: 新哆啦A夢(中文版)2台
No valid program data found for channel: TVBS食尚玩家
No valid program data found for channel: 中天亞洲精采台
No valid program data found for channel: 經典劇場
No valid program data found for channel: 短劇馬拉松
No valid program data found for channel: Focus風采戲劇台
No valid program data found for channel: 掏掏新聞
No valid program data found for channel: 第1財經
No valid program data found for channel: 長安十二時辰
No valid program data found for channel: 韶華若錦
No valid program data found for channel: 白髮
No valid program data found for channel: 武媚娘傳奇
No valid program data found for channel: 長樂曲
No valid program data found for channel: 軍師聯盟
No valid program data found for channel: 軍師聯盟2 虎嘯龍吟
No valid program data found for channel: 落花時節又逢君
No valid program data found for channel: 楚喬傳
No valid program data found for channel: 鳳囚凰
No valid program data found for channel: 步步驚心
No valid program data found for channel: 九重紫
No valid program data found for channel: 私藏浪漫
No valid program data found for channel: 佔有姜西
No valid program data found for channel: 向風而行
No valid program data found for channel: 以家人之名
No valid program data found for channel: 有你的時光裡
No valid program data found for channel: 我的差評女友
No valid program data found for channel: 請叫我總監
No valid program data found for channel: 三十而已
No valid program data found for channel: 月嫂先生
No valid program data found for channel: 綜藝大集合
No valid program data found for channel: 豬哥壹級棒
No valid program data found for channel: WTO姐妹會
No valid program data found for channel: 全民星攻略
No valid program data found for channel: 健康2.0
No valid program data found for channel: 台灣啟示錄
No valid program data found for channel: 法眼黑與白
No valid program data found for channel: 天才衝衝衝
No valid program data found for channel: 女人我最大
No valid program data found for channel: 威廉沈歡樂送
No valid program data found for channel: 木曜4超玩 一日系列
No valid program data found for channel: 月曜1起玩
No valid program data found for channel: 麥卡貝網路電視
No valid program data found for channel: 月升之江
No valid program data found for channel: 我的婆婆怎麼那麼可愛
No valid program data found for channel: 苦力
No valid program data found for channel: 俗女養成記
No valid program data found for channel: 麻醉風暴
No valid program data found for channel: 擁有超常技能的異世界流浪美食家
No valid program data found for channel: 在異世界獲得超強能力的我，在現實世界照樣無敵～等級提升改變人生命運～
No valid program data found for channel: 第一神拳
No valid program data found for channel: 忍者亂太郎(中文版)
No valid program data found for channel: 海派甜心
No valid program data found for channel: 劣人傳之詭計
No valid program data found for channel: 新聞大白話
No valid program data found for channel: 文茜的世界周報
No valid program data found for channel: 文茜的世界財經周報
No valid program data found for channel: 食尚玩家-Hello腹餓代
No valid program data found for channel: 食尚玩家-天菜就醬吃
No valid program data found for channel: 食尚玩家-2天1夜go
No valid program data found for channel: 食尚玩家-熱血48小時
No valid program data found for channel: 紓壓雷雨聲
EPG文件生成成功: epgofiii.xml
